// Jest Snapshot v1, https://goo.gl/fbAQLP

exports[`Friendlists Remove friend throw error friend not exists 1`] = `"friend not found"`;
